[androthemes.com/themes/wp/cookiteer/index.html]
[backblue.gif]
[fade.gif]
[index.html]
[androthemes.com/themes/wp/cookiteer/comments/feed/index.html]
[androthemes.com/themes/wp/cookiteer/feed/index.html]
[c0.wp.com/c/5.3.4/wp-includes/css/dist/block-library/style.min.css]
[c0.wp.com/p/woocommerce/3.9.2/packages/woocommerce-blocks/build/style.css]
[c0.wp.com/p/jetpack/6.9/modules/shortcodes/css/jetpack-email-subscribe.css]
[c0.wp.com/p/woocommerce/3.9.2/assets/css/woocommerce-layout.css]
[c0.wp.com/p/woocommerce/3.9.2/assets/css/woocommerce-smallscreen.css]
[c0.wp.com/p/woocommerce/3.9.2/assets/css/woocommerce.css]
[c0.wp.com/p/jetpack/6.9/css/jetpack.css]
[c0.wp.com/c/5.3.4/wp-includes/js/jquery/jquery.js]
[androthemes.com/themes/wp/cookiteer/wp-content/plugins/cooked-pro/assets/chartist/chartist.minba3a.js]
[c0.wp.com/c/5.3.4/wp-includes/js/jquery/jquery-migrate.min.js]
[androthemes.com/themes/wp/cookiteer/xmlrpc0db0.php]
[androthemes.com/themes/wp/cookiteer/wp-json/index.html]
[androthemes.com/themes/wp/cookiteer/wp-includes/wlwmanifest.xml]
[androthemes.com/themes/wp/cookiteer/wp-json/oembed/1.0/embed4a12.json]
[androthemes.com/themes/wp/cookiteer/wp-json/oembed/1.0/embedc1c3]
[i2.wp.com/androthemes.com/themes/wp/cookiteer/wp-content/uploads/2020/03/cropped-thumbnail7398.png]
[i2.wp.com/androthemes.com/themes/wp/cookiteer/wp-content/uploads/2020/03/cropped-thumbnailff94.png]
[i2.wp.com/androthemes.com/themes/wp/cookiteer/wp-content/uploads/2020/03/cropped-thumbnailfd20.png]
[androthemes.com/themes/wp/cookiteer/wp-content/themes/cookiteer/assets/img/bg/1.jpg]
[androthemes.com/themes/wp/cookiteer/wp-content/uploads/2020/03/fruit-salads-in-plate-1640774.jpg]
[androthemes.com/themes/wp/cookiteer/wp-content/themes/cookiteer/assets/img/bg/3.jpg]
[androthemes.com/themes/wp/cookiteer/wp-content/themes/cookiteer/assets/img/bg/5.jpg]
[stats.wp.com/s-202026.js]
[androthemes.com/themes/wp/cookiteer/wp-content/themes/cookiteer/assets/img/logo.png]
[i0.wp.com/androthemes.com/themes/wp/cookiteer/wp-content/uploads/2020/03/steak-food-7692890058.jpg]
[androthemes.com/themes/wp/cookiteer/home-v2/index.html]
[androthemes.com/themes/wp/cookiteer/home-v3/index.html]
[i1.wp.com/androthemes.com/themes/wp/cookiteer/wp-content/uploads/2020/03/cheese-crust-delicious-dough-3679150058.jpg]
[androthemes.com/themes/wp/cookiteer/home-v4/index.html]
[i1.wp.com/androthemes.com/themes/wp/cookiteer/wp-content/uploads/2020/03/baked-baking-close-up-cookies-3105750058.jpg]
[androthemes.com/themes/wp/cookiteer/home-v5/index.html]
[i1.wp.com/androthemes.com/themes/wp/cookiteer/wp-content/uploads/2020/03/recipe130058.jpg]
[androthemes.com/themes/wp/cookiteer/blog/index.html]
[i1.wp.com/androthemes.com/themes/wp/cookiteer/wp-content/uploads/2020/03/recipe6-10058.jpg]
[androthemes.com/themes/wp/cookiteer/recipes/index.html]
[androthemes.com/themes/wp/cookiteer/about-us/index.html]
[androthemes.com/themes/wp/cookiteer/contact-us/index.html]
[androthemes.com/themes/wp/cookiteer/my-account/index.html]
[androthemes.com/themes/wp/cookiteer/shop/index.html]
[androthemes.com/themes/wp/cookiteer/cart/index.html]
[androthemes.com/themes/wp/cookiteer/product/broccoli/index.html]
[androthemes.com/themes/wp/cookiteer/profile/index.html]
[androthemes.com/themes/wp/cookiteer/profile/indexbd8b.html]
[androthemes.com/themes/wp/cookiteer/blog/cuisine/british/index.html]
[androthemes.com/themes/wp/cookiteer/blog/cooking-method/baking/index.html]
[androthemes.com/themes/wp/cookiteer/recipe/healthy-steak/index.html]
[androthemes.com/themes/wp/cookiteer/recipe/cheese-pizza/index.html]
[androthemes.com/themes/wp/cookiteer/recipe/oat-cookies/index.html]
[androthemes.com/themes/wp/cookiteer/recipe/specialty-fries/index.html]
[androthemes.com/themes/wp/cookiteer/recipe/grilled-steak/index.html]
[i0.wp.com/androthemes.com/themes/wp/cookiteer/wp-content/uploads/2020/03/steak-food-769289ea9f.jpg]
[i1.wp.com/androthemes.com/themes/wp/cookiteer/wp-content/uploads/2020/03/cheese-crust-delicious-dough-367915ea9f.jpg]
[i1.wp.com/androthemes.com/themes/wp/cookiteer/wp-content/uploads/2020/03/baked-baking-close-up-cookies-310575ea9f.jpg]
[i1.wp.com/androthemes.com/themes/wp/cookiteer/wp-content/uploads/2020/03/recipe13ea9f.jpg]
[i1.wp.com/androthemes.com/themes/wp/cookiteer/wp-content/uploads/2020/03/recipe6-1ea9f.jpg]
[i2.wp.com/androthemes.com/themes/wp/cookiteer/wp-content/uploads/2020/03/two-baked-breads-1756062e33d.jpg]
[i0.wp.com/androthemes.com/themes/wp/cookiteer/wp-content/uploads/2020/03/photo-of-person-holding-spoon-3872263e33d.jpg]
[i1.wp.com/androthemes.com/themes/wp/cookiteer/wp-content/uploads/2020/03/selective-focus-photography-of-baked-cookies-with-gray-1546890e33d.jpg]
[i2.wp.com/androthemes.com/themes/wp/cookiteer/wp-content/uploads/2020/03/appetizer-bake-baked-baking-372851e33d.jpg]
[i0.wp.com/androthemes.com/themes/wp/cookiteer/wp-content/uploads/2020/03/grilled-meat-932655e33d.jpg]
[i0.wp.com/androthemes.com/themes/wp/cookiteer/wp-content/uploads/2020/03/pasta-dish-1395319e33d.jpg]
[i0.wp.com/androthemes.com/themes/wp/cookiteer/wp-content/uploads/2020/03/hamburgers-and-fries-983297e33d.jpg]
[i1.wp.com/androthemes.com/themes/wp/cookiteer/wp-content/uploads/2020/03/bowl-of-salad-1484522e33d.jpg]
[i0.wp.com/androthemes.com/themes/wp/cookiteer/wp-content/uploads/2020/03/steak-food-769289d68e.jpg]
[i0.wp.com/androthemes.com/themes/wp/cookiteer/wp-content/uploads/2020/03/people-4b51e.jpg]
[i1.wp.com/androthemes.com/themes/wp/cookiteer/wp-content/uploads/2020/03/recipe6-1d68e.jpg]
[i1.wp.com/androthemes.com/themes/wp/cookiteer/wp-content/uploads/2020/03/recipe11-1d68e.jpg]
[i1.wp.com/androthemes.com/themes/wp/cookiteer/wp-content/uploads/2020/03/cheese-crust-delicious-dough-367915d68e.jpg]
[i1.wp.com/androthemes.com/themes/wp/cookiteer/wp-content/uploads/2020/03/recipe13d68e.jpg]
[i0.wp.com/androthemes.com/themes/wp/cookiteer/wp-content/uploads/2020/03/recipe4-1d68e.jpg]
[i1.wp.com/androthemes.com/themes/wp/cookiteer/wp-content/uploads/2020/03/baked-baking-close-up-cookies-310575d68e.jpg]
[i2.wp.com/androthemes.com/themes/wp/cookiteer/wp-content/uploads/2020/03/recipe1-1d68e.jpg]
[androthemes.com/themes/wp/cookiteer/recipe/beef-burger/index.html]
[androthemes.com/themes/wp/cookiteer/recipe/fettuccine-alfredo/index.html]
[androthemes.com/themes/wp/cookiteer/recipe/vanilla-macrons/index.html]
[androthemes.com/themes/wp/cookiteer/recipe/coffee-cookies/index.html]
[i2.wp.com/androthemes.com/themes/wp/cookiteer/wp-content/uploads/2020/03/recipe2-1d68e.jpg]
[i0.wp.com/androthemes.com/themes/wp/cookiteer/wp-content/uploads/2020/03/recipe5-1d68e.jpg]
[androthemes.com/themes/wp/cookiteer/recipe/olive-bread/index.html]
[i0.wp.com/androthemes.com/themes/wp/cookiteer/wp-content/uploads/2020/03/recipe8-1d68e.jpg]
[androthemes.com/themes/wp/cookiteer/recipe/oat-smoothie/index.html]
[i2.wp.com/androthemes.com/themes/wp/cookiteer/wp-content/uploads/2020/03/recipe7-1d68e.jpg]
[i0.wp.com/androthemes.com/themes/wp/cookiteer/wp-content/uploads/2020/03/steak-food-7692898d9e.jpg]
[androthemes.com/themes/wp/cookiteer/recipe/english-breakfast/index.html]
[i1.wp.com/androthemes.com/themes/wp/cookiteer/wp-content/uploads/2020/03/cheese-crust-delicious-dough-3679158d9e.jpg]
[i1.wp.com/androthemes.com/themes/wp/cookiteer/wp-content/uploads/2020/03/baked-baking-close-up-cookies-3105758d9e.jpg]
[i1.wp.com/androthemes.com/themes/wp/cookiteer/wp-content/uploads/2020/03/recipe1329be.jpg]
[i0.wp.com/androthemes.com/themes/wp/cookiteer/wp-content/uploads/2020/03/recipe5-129be.jpg]
[i0.wp.com/androthemes.com/themes/wp/cookiteer/wp-content/uploads/2020/03/recipe8-1e33d.jpg]
[i0.wp.com/androthemes.com/themes/wp/cookiteer/wp-content/uploads/2020/03/recipe4-1e33d.jpg]
[i2.wp.com/androthemes.com/themes/wp/cookiteer/wp-content/uploads/2020/03/recipe2-1e33d.jpg]
[i1.wp.com/androthemes.com/themes/wp/cookiteer/wp-content/uploads/2020/03/recipe3-1e33d.jpg]
[i0.wp.com/androthemes.com/themes/wp/cookiteer/wp-content/uploads/2020/03/recipe9-1e33d.jpg]
[i2.wp.com/androthemes.com/themes/wp/cookiteer/wp-content/uploads/2020/04/png-2.png]
[i1.wp.com/androthemes.com/themes/wp/cookiteer/wp-content/uploads/2020/04/png-1.png]
[androthemes.com/themes/wp/cookiteer/recipe/chocolate-chip-cookies/index.html]
[androthemes.com/themes/wp/cookiteer/recipe/grilled-chicken/index.html]
[i1.wp.com/androthemes.com/themes/wp/cookiteer/wp-content/uploads/2020/04/adcc42.jpg]
[i0.wp.com/androthemes.com/themes/wp/cookiteer/wp-content/uploads/2020/03/people-4.jpg]
[androthemes.com/themes/wp/cookiteer/wp-content/plugins/instagram-feed/img/placeholder.png]
[androthemes.com/themes/wp/cookiteer/wp-content/uploads/2020/04/logo-light.png]
[c0.wp.com/p/jetpack/6.9/_inc/build/photon/photon.min.js]
[androthemes.com/themes/wp/cookiteer/wp-content/plugins/contact-form-7/includes/js/scriptsb62d.js]
[androthemes.com/themes/wp/cookiteer/wp-content/plugins/cookiteer-plugin/assets/js/ct-plugin03ec.js]
[s0.wp.com/wp-content/js/devicepx-jetpack5a11.js]
[c0.wp.com/p/woocommerce/3.9.2/assets/js/jquery-blockui/jquery.blockUI.min.js]
[c0.wp.com/p/woocommerce/3.9.2/assets/js/frontend/add-to-cart.min.js]
[c0.wp.com/p/woocommerce/3.9.2/assets/js/js-cookie/js.cookie.min.js]
[c0.wp.com/p/woocommerce/3.9.2/assets/js/frontend/woocommerce.min.js]
[c0.wp.com/p/woocommerce/3.9.2/assets/js/frontend/cart-fragments.min.js]
[c0.wp.com/c/5.3.4/wp-includes/js/jquery/ui/core.min.js]
[c0.wp.com/c/5.3.4/wp-includes/js/jquery/ui/widget.min.js]
[c0.wp.com/c/5.3.4/wp-includes/js/jquery/ui/mouse.min.js]
[c0.wp.com/c/5.3.4/wp-includes/js/jquery/ui/draggable.min.js]
[c0.wp.com/c/5.3.4/wp-includes/js/jquery/ui/resizable.min.js]
[c0.wp.com/c/5.3.4/wp-includes/js/jquery/ui/sortable.min.js]
[androthemes.com/themes/wp/cookiteer/wp-content/plugins/cooked-pro/modules/dropzone/dropzone.minf08a.js]
[androthemes.com/themes/wp/cookiteer/wp-content/plugins/cooked-pro/modules/interactions/interactions.minba3a.js]
[secure.gravatar.com/js/gprofilesf238.js]
[c0.wp.com/p/jetpack/6.9/modules/wpgroho.js]
[c0.wp.com/c/5.3.4/wp-includes/js/imagesloaded.min.js]
[androthemes.com/themes/wp/cookiteer/wp-content/themes/cookiteer/assets/js/plugins/popper.min03ec.js]
[androthemes.com/themes/wp/cookiteer/wp-content/themes/cookiteer/assets/js/plugins/bootstrap.min03ec.js]
[androthemes.com/themes/wp/cookiteer/wp-content/themes/cookiteer/assets/js/plugins/isotope.min03ec.js]
[androthemes.com/themes/wp/cookiteer/wp-content/themes/cookiteer/assets/js/plugins/slick.min03ec.js]
[androthemes.com/themes/wp/cookiteer/wp-content/themes/cookiteer/assets/js/plugins/jquery.instagramFeed.min03ec.js]
[androthemes.com/themes/wp/cookiteer/wp-content/themes/cookiteer/assets/js/plugins/jquery.countdown.min03ec.js]
[androthemes.com/themes/wp/cookiteer/wp-content/themes/cookiteer/assets/js/plugins/jquery.magnific-popup.min03ec.js]
[androthemes.com/themes/wp/cookiteer/wp-content/themes/cookiteer/assets/js/plugins/jquery.slimScroll.min03ec.js]
[androthemes.com/themes/wp/cookiteer/wp-content/themes/cookiteer/assets/js/plugins/jquery.colorbox-min03ec.js]
[androthemes.com/themes/wp/cookiteer/wp-content/themes/cookiteer/assets/js/plugins/tagify.min03ec.js]
[androthemes.com/themes/wp/cookiteer/wp-content/themes/cookiteer/assets/js/cookiteer-main03ec.js]
[androthemes.com/themes/wp/cookiteer/wp-content/plugins/elementor/assets/js/frontend-modules.minc867.js]
[c0.wp.com/c/5.3.4/wp-includes/js/wp-embed.min.js]
[androthemes.com/themes/wp/cookiteer/wp-content/plugins/elementor/assets/lib/dialog/dialog.minae9e.js]
[c0.wp.com/c/5.3.4/wp-includes/js/jquery/ui/position.min.js]
[androthemes.com/themes/wp/cookiteer/wp-content/plugins/elementor/assets/lib/waypoints/waypoints.min05da.js]
[androthemes.com/themes/wp/cookiteer/wp-content/plugins/elementor/assets/lib/swiper/swiper.min48f5.js]
[androthemes.com/themes/wp/cookiteer/wp-content/plugins/elementor/assets/lib/share-link/share-link.minc867.js]
[androthemes.com/themes/wp/cookiteer/wp-content/plugins/elementor/assets/js/frontend.minc867.js]
[androthemes.com/themes/wp/cookiteer/wp-content/plugins/cookiteer-plugin/elementor/widgets/js/ct-recipe-slider03ec.js]
[androthemes.com/themes/wp/cookiteer/wp-content/plugins/cookiteer-plugin/elementor/widgets/js/ct-categories03ec.js]
[androthemes.com/themes/wp/cookiteer/wp-content/plugins/cookiteer-plugin/elementor/widgets/js/ct-recipe-tabs03ec.js]
[androthemes.com/themes/wp/cookiteer/wp-content/plugins/cookiteer-plugin/elementor/widgets/js/ct-vidoe-recipes03ec.js]
[androthemes.com/themes/wp/cookiteer/wp-content/plugins/instagram-feed/js/sb-instagram-2-2.min254d.js]
[androthemes.com/themes/wp/cookiteer/wp-content/plugins/cooked/assets/js/cooked-functions.min41a5.js]
[androthemes.com/themes/wp/cookiteer/wp-content/plugins/mailchimp-for-wp/assets/js/forms.min66f2.js]
[androthemes.com/themes/wp/cookiteer/index.html]
[stats.wp.com/e-202026.js]
[androthemes.com/themes/wp/cookiteer/wp-content/plugins/instagram-feed/img/small-logo.png]
[androthemes.com/themes/wp/cookiteer/wp-content/plugins/instagram-feed/css/sb-instagram-2-2.min254d.css]
[c0.wp.com/c/5.3.4/wp-includes/css/dist/block-library/style.min.css]
[c0.wp.com/p/woocommerce/3.9.2/packages/woocommerce-blocks/build/style.css]
[c0.wp.com/p/jetpack/6.9/modules/shortcodes/css/jetpack-email-subscribe.css]
[androthemes.com/themes/wp/cookiteer/wp-content/plugins/contact-form-7/images/ajax-loader.gif]
[androthemes.com/themes/wp/cookiteer/wp-content/plugins/contact-form-7/includes/css/stylesb62d.css]
[androthemes.com/themes/wp/cookiteer/wp-content/plugins/cooked/assets/admin/css/essentials.min41a5.css]
[androthemes.com/themes/wp/cookiteer/wp-content/plugins/cooked/assets/css/icons.min41a5.css]
[androthemes.com/themes/wp/cookiteer/wp-content/plugins/cooked/assets/css/style.min41a5.css]
[c0.wp.com/p/woocommerce/3.9.2/assets/css/woocommerce-layout.css]
[c0.wp.com/p/woocommerce/3.9.2/assets/css/woocommerce-smallscreen.css]
[c0.wp.com/p/woocommerce/3.9.2/assets/css/woocommerce.css]
[androthemes.com/themes/wp/cookiteer/wp-content/plugins/cooked-pro/modules/add-recipe/add-recipe.minba3a.css]
[androthemes.com/themes/wp/cookiteer/wp-content/plugins/cooked-pro/modules/dropzone/dropzone.minf08a.css]
[androthemes.com/themes/wp/cookiteer/wp-content/plugins/cooked-pro/modules/interactions/interactions.minba3a.css]
[androthemes.com/themes/wp/cookiteer/wp-content/plugins/cooked-pro/modules/list-styles/list-styles.minba3a.css]
[androthemes.com/themes/wp/cookiteer/wp-content/plugins/cooked-pro/modules/pagination/pagination.minba3a.css]
[androthemes.com/themes/wp/cookiteer/wp-content/plugins/cooked-pro/modules/profiles/profiles.minba3a.css]
[androthemes.com/themes/wp/cookiteer/wp-content/plugins/cooked-pro/assets/css/general.minba3a.css]
[androthemes.com/themes/wp/cookiteer/wp-content/plugins/cooked-pro/assets/chartist/chartist.minba3a.css]
[androthemes.com/themes/wp/cookiteer/wp-content/themes/cookiteer/assets/css/plugins/bootstrap.min03ec.css]
[androthemes.com/themes/wp/cookiteer/wp-content/plugins/elementor/assets/lib/font-awesome/fonts/fontawesome-webfont3e6e.eot]
[androthemes.com/themes/wp/cookiteer/wp-content/plugins/elementor/assets/lib/font-awesome/fonts/fontawesome-webfontd41d.eot]
[androthemes.com/themes/wp/cookiteer/wp-content/plugins/elementor/assets/lib/font-awesome/css/font-awesome.min1849.css]
[androthemes.com/themes/wp/cookiteer/wp-content/themes/cookiteer/assets/fonts/flaticon/Flaticon.eot]
[androthemes.com/themes/wp/cookiteer/wp-content/themes/cookiteer/assets/fonts/flaticon/Flaticond41d.eot]
[androthemes.com/themes/wp/cookiteer/wp-content/themes/cookiteer/assets/fonts/flaticon/Flaticon.woff2]
[androthemes.com/themes/wp/cookiteer/wp-content/themes/cookiteer/assets/fonts/flaticon/Flaticon.woff]
[androthemes.com/themes/wp/cookiteer/wp-content/themes/cookiteer/assets/fonts/flaticon/Flaticon.ttf]
[androthemes.com/themes/wp/cookiteer/wp-content/themes/cookiteer/assets/fonts/flaticon/flaticon03ec.css]
[androthemes.com/themes/wp/cookiteer/wp-content/themes/cookiteer/assets/css/plugins/magnific-popup03ec.css]
[androthemes.com/themes/wp/cookiteer/wp-content/themes/cookiteer/assets/css/plugins/slick03ec.css]
[androthemes.com/themes/wp/cookiteer/wp-content/themes/cookiteer/assets/css/plugins/slick-theme03ec.css]
[androthemes.com/themes/wp/cookiteer/wp-content/themes/cookiteer/assets/css/plugins/tagify.min03ec.css]
[androthemes.com/themes/wp/cookiteer/wp-content/themes/cookiteer/assets/css/plugins/images/overlay.png]
[androthemes.com/themes/wp/cookiteer/wp-content/themes/cookiteer/assets/css/plugins/images/controls.png]
[androthemes.com/themes/wp/cookiteer/wp-content/themes/cookiteer/assets/css/plugins/images/border.png]
[androthemes.com/themes/wp/cookiteer/wp-content/themes/cookiteer/assets/css/plugins/images/loading_background.png]
[androthemes.com/themes/wp/cookiteer/wp-content/themes/cookiteer/assets/css/plugins/images/loading.gif]
[androthemes.com/themes/wp/cookiteer/wp-content/themes/cookiteer/assets/css/plugins/colorbox.min03ec.css]
[androthemes.com/themes/wp/cookiteer/wp-content/themes/cookiteer/assets/css/cookiteer-woocommerce03ec.css]
[androthemes.com/themes/wp/cookiteer/wp-content/themes/cookiteer/assets/css/cookiteer-cooked2fca.css]
[androthemes.com/themes/wp/cookiteer/wp-content/themes/cookiteer/assets/css/cookiteer-main2fca.css]
[androthemes.com/themes/wp/cookiteer/wp-content/themes/cookiteer/style03ec.css]
[androthemes.com/themes/wp/cookiteer/wp-content/plugins/elementor/assets/lib/eicons/fonts/eicons2cbf.eot]
[androthemes.com/themes/wp/cookiteer/wp-content/plugins/elementor/assets/lib/eicons/fonts/eicons2cbf.woff2]
[androthemes.com/themes/wp/cookiteer/wp-content/plugins/elementor/assets/lib/eicons/fonts/eicons2cbf.woff]
[androthemes.com/themes/wp/cookiteer/wp-content/plugins/elementor/assets/lib/eicons/fonts/eicons2cbf.ttf]
[androthemes.com/themes/wp/cookiteer/wp-content/plugins/elementor/assets/lib/eicons/css/elementor-icons.min4c7e.css]
[androthemes.com/themes/wp/cookiteer/wp-content/plugins/elementor/assets/lib/animations/animations.minc867.css]
[androthemes.com/themes/wp/cookiteer/wp-content/plugins/elementor/assets/css/frontend.minc867.css]
[androthemes.com/themes/wp/cookiteer/wp-content/uploads/elementor/css/globala076.css]
[androthemes.com/themes/wp/cookiteer/wp-content/uploads/2020/03/prod1.png]
[androthemes.com/themes/wp/cookiteer/wp-content/uploads/elementor/css/post-1000052.css]
[androthemes.com/themes/wp/cookiteer/wp-content/themes/cookiteer/assets/fonts/flaticon/flaticon8a54.css]
[androthemes.com/themes/wp/cookiteer/wp-content/plugins/elementor/assets/lib/font-awesome/css/fontawesome.minb683.css]
[androthemes.com/themes/wp/cookiteer/wp-content/plugins/elementor/assets/lib/font-awesome/webfonts/fa-solid-900.eot]
[androthemes.com/themes/wp/cookiteer/wp-content/plugins/elementor/assets/lib/font-awesome/webfonts/fa-solid-900.woff2]
[androthemes.com/themes/wp/cookiteer/wp-content/plugins/elementor/assets/lib/font-awesome/webfonts/fa-solid-900d41d.eot]
[androthemes.com/themes/wp/cookiteer/wp-content/plugins/elementor/assets/lib/font-awesome/webfonts/fa-solid-900.woff]
[androthemes.com/themes/wp/cookiteer/wp-content/plugins/elementor/assets/lib/font-awesome/webfonts/fa-solid-900.ttf]
[androthemes.com/themes/wp/cookiteer/wp-content/plugins/elementor/assets/lib/font-awesome/css/solid.minb683.css]
[c0.wp.com/p/jetpack/6.9/modules/carousel/images/arrows.png]
[c0.wp.com/p/jetpack/6.9/modules/carousel/images/arrows-2x.png]
[c0.wp.com/p/jetpack/6.9/modules/carousel/images/carousel-spritee4da.png]
[c0.wp.com/p/jetpack/6.9/modules/carousel/images/carousel-sprite-2xe4da.png]
[c0.wp.com/p/jetpack/6.9/modules/shortcodes/img/slideshow-controls.png]
[c0.wp.com/p/jetpack/6.9/modules/shortcodes/img/slideshow-controls-2x.png]
[c0.wp.com/p/jetpack/6.9/modules/shortcodes/images/slide-nav.png]
[c0.wp.com/p/jetpack/6.9/modules/shortcodes/images/expand.png]
[c0.wp.com/p/jetpack/6.9/modules/shortcodes/images/collapse.png]
[secure.gravatar.com/images/grav-share-sprite.png]
[c0.wp.com/p/jetpack/6.9/css/jetpack.css]
[androthemes.com/themes/wp/cookiteer/wp-json/oembed/1.0/embed7b06.json]
[androthemes.com/themes/wp/cookiteer/wp-json/oembed/1.0/embedd82c]
[androthemes.com/themes/wp/cookiteer/wp-content/uploads/2020/03/steak-food-769289.jpg]
[androthemes.com/themes/wp/cookiteer/wp-content/uploads/2020/03/cheese-crust-delicious-dough-367915.jpg]
[androthemes.com/themes/wp/cookiteer/wp-content/uploads/2020/03/baked-baking-close-up-cookies-310575.jpg]
[androthemes.com/themes/wp/cookiteer/wp-content/uploads/2020/03/recipe13.jpg]
[androthemes.com/themes/wp/cookiteer/wp-content/uploads/2020/03/recipe6-1.jpg]
[i0.wp.com/androthemes.com/themes/wp/cookiteer/wp-content/uploads/2020/03/board-bunch-cooking-food-349609.jpg.png]
[i2.wp.com/androthemes.com/themes/wp/cookiteer/wp-content/uploads/2020/03/signatureea95.png]
[i0.wp.com/androthemes.com/themes/wp/cookiteer/wp-content/uploads/2020/03/people-49242.jpg]
[i2.wp.com/androthemes.com/themes/wp/cookiteer/wp-content/uploads/2020/03/single-28d9e.jpg]
[androthemes.com/themes/wp/cookiteer/blog/my-new-cook-book/index.html]
[i2.wp.com/androthemes.com/themes/wp/cookiteer/wp-content/uploads/2020/03/cooking-dishes-herb-kitchen-11091978d9e.jpg]
[androthemes.com/themes/wp/cookiteer/blog/category/breakfast/index.html]
[androthemes.com/themes/wp/cookiteer/blog/how-to-publish-your-book/index.html]
[i2.wp.com/androthemes.com/themes/wp/cookiteer/wp-content/uploads/2020/03/chef-preparing-vegetable-dish-on-tree-slab-12673208d9e.jpg]
[i1.wp.com/androthemes.com/themes/wp/cookiteer/wp-content/uploads/2020/03/38d9e.jpg]
[androthemes.com/themes/wp/cookiteer/blog/my-new-cooking-merch/index.html]
[androthemes.com/themes/wp/cookiteer/blog/chocolate-coated-browny/index.html]
[i2.wp.com/androthemes.com/themes/wp/cookiteer/wp-content/uploads/2020/03/photo-of-woman-smelling-the-food-3785710.jpg]
[i2.wp.com/androthemes.com/themes/wp/cookiteer/wp-content/uploads/2020/03/joyous-woman-sitting-on-maroon-couch-3775122.jpg]
[i0.wp.com/androthemes.com/themes/wp/cookiteer/wp-content/uploads/2020/03/woman-smelling-the-food-3785718.jpg]
[i0.wp.com/androthemes.com/themes/wp/cookiteer/wp-content/uploads/2020/03/woman-in-the-kitchen-preparing-to-cook-2890387.jpg]
[androthemes.com/themes/wp/cookiteer/wp-content/plugins/cookiteer-plugin/elementor/widgets/js/ct-testimonials03ec.js]
[androthemes.com/themes/wp/cookiteer/home-v2/index.html]
[androthemes.com/themes/wp/cookiteer/wp-json/oembed/1.0/embeda1cd.json]
[androthemes.com/themes/wp/cookiteer/wp-json/oembed/1.0/embedb468]
[androthemes.com/themes/wp/cookiteer/wp-content/uploads/2020/03/4-1.jpg]
[androthemes.com/themes/wp/cookiteer/wp-content/uploads/2020/03/3-1.jpg]
[androthemes.com/themes/wp/cookiteer/wp-content/uploads/2020/03/selective-focus-photography-of-baked-cookies-with-gray-1546890.jpg]
[androthemes.com/themes/wp/cookiteer/recipes/ http_/androthemes.com/themes/wp/cookiteer/recipes/index.html]
[i0.wp.com/androthemes.com/themes/wp/cookiteer/wp-content/uploads/2020/03/people-42427.jpg]
[i2.wp.com/androthemes.com/themes/wp/cookiteer/wp-content/uploads/2020/03/recipe1-18d9e.jpg]
[i2.wp.com/androthemes.com/themes/wp/cookiteer/wp-content/uploads/2020/03/recipe2-18d9e.jpg]
[i1.wp.com/androthemes.com/themes/wp/cookiteer/wp-content/uploads/2020/03/recipe3-18d9e.jpg]
[androthemes.com/themes/wp/cookiteer/wp-content/uploads/2020/03/photo-of-person-holding-spoon-3872263.jpg]
[i0.wp.com/androthemes.com/themes/wp/cookiteer/wp-content/uploads/2020/03/recipe5-18d9e.jpg]
[i0.wp.com/androthemes.com/themes/wp/cookiteer/wp-content/uploads/2020/03/recipe8-18d9e.jpg]
[i2.wp.com/androthemes.com/themes/wp/cookiteer/wp-content/uploads/2020/03/recipe7-18d9e.jpg]
[i0.wp.com/androthemes.com/themes/wp/cookiteer/wp-content/uploads/2020/03/recipe12-18d9e.jpg]
[androthemes.com/themes/wp/cookiteer/wp-content/uploads/2020/03/hamburgers-and-fries-983297.jpg]
[i1.wp.com/androthemes.com/themes/wp/cookiteer/wp-content/uploads/2020/03/recipe138d9e.jpg]
[androthemes.com/themes/wp/cookiteer/recipe/poaches-eggs/index.html]
[i0.wp.com/androthemes.com/themes/wp/cookiteer/wp-content/uploads/2020/03/recipe4-18d9e.jpg]
[i1.wp.com/androthemes.com/themes/wp/cookiteer/wp-content/uploads/2020/03/recipe11-18d9e.jpg]
[i2.wp.com/androthemes.com/themes/wp/cookiteer/wp-content/uploads/2020/03/cookbook.jpg]
[i1.wp.com/androthemes.com/themes/wp/cookiteer/wp-content/uploads/2020/03/1815ac.png]
[i0.wp.com/androthemes.com/themes/wp/cookiteer/wp-content/uploads/2020/03/2715ac.png]
[androthemes.com/themes/wp/cookiteer/product/kiwi/index.html]
[i1.wp.com/androthemes.com/themes/wp/cookiteer/wp-content/uploads/2020/03/1915ac.png]
[androthemes.com/themes/wp/cookiteer/home-v3/indexedb8.html]
[androthemes.com/themes/wp/cookiteer/wp-content/plugins/cookiteer-plugin/elementor/widgets/js/ct-carousel03ec.js]
[androthemes.com/themes/wp/cookiteer/home-v3/index.html]
[androthemes.com/themes/wp/cookiteer/product/strawberries/index.html]
[androthemes.com/themes/wp/cookiteer/home-v3/index7ad6.html]
[androthemes.com/themes/wp/cookiteer/wp-json/oembed/1.0/embed3c58.json]
[androthemes.com/themes/wp/cookiteer/home-v3/index3871.html]
[androthemes.com/themes/wp/cookiteer/wp-json/oembed/1.0/embed42d9]
[i1.wp.com/androthemes.com/themes/wp/cookiteer/wp-content/uploads/2020/03/about-me.jpg]
[i2.wp.com/androthemes.com/themes/wp/cookiteer/wp-content/uploads/2020/03/peppers3a61.png]
[androthemes.com/themes/wp/cookiteer/home-v4/index.html]
[androthemes.com/themes/wp/cookiteer/home-v4/indexedb8.html]
[androthemes.com/themes/wp/cookiteer/home-v4/index3871.html]
[androthemes.com/themes/wp/cookiteer/home-v4/index7ad6.html]
[androthemes.com/themes/wp/cookiteer/wp-json/oembed/1.0/embed0ae9.json]
[androthemes.com/themes/wp/cookiteer/wp-json/oembed/1.0/embededff]
[i0.wp.com/androthemes.com/themes/wp/cookiteer/wp-content/uploads/2020/03/steak-food-769289e2b5.jpg]
[i1.wp.com/androthemes.com/themes/wp/cookiteer/wp-content/uploads/2020/03/cheese-crust-delicious-dough-367915e2b5.jpg]
[i1.wp.com/androthemes.com/themes/wp/cookiteer/wp-content/uploads/2020/03/baked-baking-close-up-cookies-310575e2b5.jpg]
[i1.wp.com/androthemes.com/themes/wp/cookiteer/wp-content/uploads/2020/03/recipe13e2b5.jpg]
[i1.wp.com/androthemes.com/themes/wp/cookiteer/wp-content/uploads/2020/03/recipe6-1e2b5.jpg]
[i0.wp.com/androthemes.com/themes/wp/cookiteer/wp-content/uploads/2020/03/recipe5-1e2b5.jpg]
[androthemes.com/themes/wp/cookiteer/home-v5/index.html]
[androthemes.com/themes/wp/cookiteer/wp-content/uploads/2020/03/people-4.jpg]
[androthemes.com/themes/wp/cookiteer/blog/index.html]
[androthemes.com/themes/wp/cookiteer/wp-json/oembed/1.0/embed831f.json]
[androthemes.com/themes/wp/cookiteer/wp-json/oembed/1.0/embed8932]
[androthemes.com/themes/wp/cookiteer/wp-content/plugins/cooked-pro/modules/pagination/pagination.minba3a.js]
[androthemes.com/themes/wp/cookiteer/wp-content/plugins/cooked/assets/js/appear/jquery.appear.min41a5.js]
[androthemes.com/themes/wp/cookiteer/recipes/index.html]
[androthemes.com/themes/wp/cookiteer/wp-json/oembed/1.0/embed28e8.json]
[androthemes.com/themes/wp/cookiteer/wp-json/oembed/1.0/embed5e96]
[androthemes.com/themes/wp/cookiteer/about-us/index.html]
[androthemes.com/themes/wp/cookiteer/wp-json/oembed/1.0/embed9aec.json]
[androthemes.com/themes/wp/cookiteer/wp-json/oembed/1.0/embedbce9]
[androthemes.com/themes/wp/cookiteer/contact-us/index.html]
[c0.wp.com/p/woocommerce/3.9.2/assets/css/select2.css]
[androthemes.com/themes/wp/cookiteer/wp-json/oembed/1.0/embedd557.json]
[androthemes.com/themes/wp/cookiteer/wp-json/oembed/1.0/embedd195]
[androthemes.com/themes/wp/cookiteer/my-account/index.html]
[androthemes.com/themes/wp/cookiteer/checkout/index.html]
[c0.wp.com/p/woocommerce/3.9.2/assets/js/selectWoo/selectWoo.full.min.js]
[androthemes.com/themes/wp/cookiteer/wp-json/oembed/1.0/embedf7ba.json]
[androthemes.com/themes/wp/cookiteer/index3b72.html]
[androthemes.com/themes/wp/cookiteer/wp-json/oembed/1.0/embed49c3]
[androthemes.com/themes/wp/cookiteer/my-account/lost-password/index.html]
[c0.wp.com/p/woocommerce/3.9.2/assets/js/frontend/country-select.min.js]
[c0.wp.com/p/woocommerce/3.9.2/assets/js/frontend/address-i18n.min.js]
[androthemes.com/themes/wp/cookiteer/cart/index.html]
[c0.wp.com/p/woocommerce/3.9.2/assets/js/frontend/cart.min.js]
[c0.wp.com/p/woocommerce/3.9.2/assets/css/photoswipe/photoswipe.min.css]
[androthemes.com/themes/wp/cookiteer/product/broccoli/feed/index.html]
[c0.wp.com/p/woocommerce/3.9.2/assets/css/photoswipe/default-skin/default-skin.min.css]
[androthemes.com/themes/wp/cookiteer/wp-json/oembed/1.0/embedc795.json]
[androthemes.com/themes/wp/cookiteer/wp-json/oembed/1.0/embedb54f]
[i1.wp.com/androthemes.com/themes/wp/cookiteer/wp-content/uploads/2020/03/18fd94.png]
[i1.wp.com/androthemes.com/themes/wp/cookiteer/wp-content/uploads/2020/03/18406a.png]
[androthemes.com/themes/wp/cookiteer/product-category/clothing/index.html]
[androthemes.com/themes/wp/cookiteer/product-category/clothing/hoodies/index.html]
[i0.wp.com/androthemes.com/themes/wp/cookiteer/wp-content/uploads/2020/03/27406a.png]
[i0.wp.com/androthemes.com/themes/wp/cookiteer/wp-content/uploads/2020/03/people-47ba8.jpg]
[i2.wp.com/androthemes.com/themes/wp/cookiteer/wp-content/uploads/2020/03/2015ac.png]
[androthemes.com/themes/wp/cookiteer/product/bannanas/index.html]
[i0.wp.com/androthemes.com/themes/wp/cookiteer/wp-content/uploads/2020/03/2115ac.png]
[i2.wp.com/androthemes.com/themes/wp/cookiteer/wp-content/uploads/2020/03/2315ac.png]
[androthemes.com/themes/wp/cookiteer/product/tomatoes/index.html]
[androthemes.com/themes/wp/cookiteer/product/broccoli/index22b9.html]
[androthemes.com/themes/wp/cookiteer/product/onions/index.html]
[androthemes.com/themes/wp/cookiteer/product/broccoli/indexcd5e.html]
[c0.wp.com/p/woocommerce/3.9.2/assets/js/photoswipe/photoswipe.min.js]
[c0.wp.com/p/woocommerce/3.9.2/assets/js/photoswipe/photoswipe-ui-default.min.js]
[c0.wp.com/p/woocommerce/3.9.2/assets/js/frontend/single-product.min.js]
[androthemes.com/themes/wp/cookiteer/product/broccoli/index.html]
[c0.wp.com/c/5.3.4/wp-includes/js/comment-reply.min.js]
[i2.wp.com/androthemes.com/themes/wp/cookiteer/wp-content/uploads/2020/03/20406a.png]
[androthemes.com/themes/wp/cookiteer/shop/index22b9.html]
[i0.wp.com/androthemes.com/themes/wp/cookiteer/wp-content/uploads/2020/03/21406a.png]
[androthemes.com/themes/wp/cookiteer/shop/feed/index.html]
[androthemes.com/themes/wp/cookiteer/shop/index7ad6.html]
[androthemes.com/themes/wp/cookiteer/shop/indexedb8.html]
[i2.wp.com/androthemes.com/themes/wp/cookiteer/wp-content/uploads/2020/03/23.121406a.delayed]
[i1.wp.com/androthemes.com/themes/wp/cookiteer/wp-content/uploads/2020/03/19406a.png]
[androthemes.com/themes/wp/cookiteer/shop/index3871.html]
[androthemes.com/themes/wp/cookiteer/shop/indexcd5e.html]
[androthemes.com/themes/wp/cookiteer/blog/tag/cookbook/index.html]
[androthemes.com/themes/wp/cookiteer/blog/tag/cooking/index.html]
[androthemes.com/themes/wp/cookiteer/blog/tag/dessert/index.html]
[androthemes.com/themes/wp/cookiteer/blog/tag/food/index.html]
[androthemes.com/themes/wp/cookiteer/blog/tag/merchant/index.html]
[androthemes.com/themes/wp/cookiteer/blog/tag/foodie/index.html]
[androthemes.com/themes/wp/cookiteer/blog/tag/tutorial/index.html]
[c0.wp.com/c/5.3.4/wp-includes/js/jquery/ui/slider.min.js]
[c0.wp.com/p/woocommerce/3.9.2/assets/js/jquery-ui-touch-punch/jquery-ui-touch-punch.min.js]
[c0.wp.com/p/woocommerce/3.9.2/assets/js/accounting/accounting.min.js]
[androthemes.com/themes/wp/cookiteer/shop/index.html]
[c0.wp.com/p/woocommerce/3.9.2/assets/js/frontend/price-slider.min.js]
[androthemes.com/themes/wp/cookiteer/wp-json/oembed/1.0/embedd096.json]
[androthemes.com/themes/wp/cookiteer/wp-json/oembed/1.0/embedefa7]
[androthemes.com/themes/wp/cookiteer/profile/index.html]
[androthemes.com/themes/wp/cookiteer/profile/indexbd8b.html]
[androthemes.com/themes/wp/cookiteer/blog/recipe-category/bread/index.html]
[androthemes.com/themes/wp/cookiteer/profile/index3745.html]
[androthemes.com/themes/wp/cookiteer/profile/index3951.html]
[androthemes.com/themes/wp/cookiteer/blog/recipe-category/breakfast/index.html]
[androthemes.com/themes/wp/cookiteer/recipes/recipe-category/bread/index.html]
[androthemes.com/themes/wp/cookiteer/blog/recipe-category/cookies/index.html]
[androthemes.com/themes/wp/cookiteer/recipes/recipe-category/breakfast/index.html]
[androthemes.com/themes/wp/cookiteer/recipes/recipe-category/cookies/index.html]
[androthemes.com/themes/wp/cookiteer/blog/recipe-category/dessert/index.html]
[androthemes.com/themes/wp/cookiteer/recipes/recipe-category/dessert/index.html]
[androthemes.com/themes/wp/cookiteer/blog/recipe-category/grill/index.html]
[androthemes.com/themes/wp/cookiteer/blog/recipe-category/medium-rare/index.html]
[androthemes.com/themes/wp/cookiteer/recipes/recipe-category/grill/index.html]
[androthemes.com/themes/wp/cookiteer/recipes/recipe-category/medium-rare/index.html]
[androthemes.com/themes/wp/cookiteer/blog/recipe-category/pasta/index.html]
[androthemes.com/themes/wp/cookiteer/recipes/recipe-category/pasta/index.html]
[androthemes.com/themes/wp/cookiteer/blog/recipe-category/quick-food/index.html]
[androthemes.com/themes/wp/cookiteer/blog/recipe-category/salad/index.html]
[androthemes.com/themes/wp/cookiteer/recipes/recipe-category/quick-food/index.html]
[androthemes.com/themes/wp/cookiteer/blog/cuisine/british/index.html]
[androthemes.com/themes/wp/cookiteer/blog/cuisine/carribean/index.html]
[androthemes.com/themes/wp/cookiteer/recipe/recipe-title/index162c.html]
[androthemes.com/themes/wp/cookiteer/recipes/recipe-category/salad/index.html]
[androthemes.com/themes/wp/cookiteer/blog/cuisine/chinese/index.html]
[androthemes.com/themes/wp/cookiteer/recipes/cuisine/carribean/index.html]
[androthemes.com/themes/wp/cookiteer/recipes/cuisine/chinese/index.html]
[androthemes.com/themes/wp/cookiteer/blog/cuisine/french/index.html]
[androthemes.com/themes/wp/cookiteer/blog/cuisine/italian/index.html]
[androthemes.com/themes/wp/cookiteer/recipes/cuisine/italian/index.html]
[androthemes.com/themes/wp/cookiteer/blog/cuisine/mediterranean/index.html]
[androthemes.com/themes/wp/cookiteer/recipes/cuisine/french/index.html]
[androthemes.com/themes/wp/cookiteer/blog/cooking-method/baking/index.html]
[androthemes.com/themes/wp/cookiteer/recipes/cuisine/mediterranean/index.html]
[androthemes.com/themes/wp/cookiteer/blog/cooking-method/boiling/index.html]
[androthemes.com/themes/wp/cookiteer/recipes/cooking-method/boiling/index.html]
[androthemes.com/themes/wp/cookiteer/blog/cooking-method/dry-frying/index.html]
[androthemes.com/themes/wp/cookiteer/blog/cooking-method/frying/index.html]
[androthemes.com/themes/wp/cookiteer/recipes/cooking-method/dry-frying/index.html]
[androthemes.com/themes/wp/cookiteer/recipes/cooking-method/frying/index.html]
[androthemes.com/themes/wp/cookiteer/blog/cooking-method/grilling/index.html]
[androthemes.com/themes/wp/cookiteer/blog/diet/diabetic/index.html]
[androthemes.com/themes/wp/cookiteer/recipes/cooking-method/grilling/index.html]
[androthemes.com/themes/wp/cookiteer/recipes/diet/diabetic/index.html]
[androthemes.com/themes/wp/cookiteer/blog/diet/gluten-free/index.html]
[androthemes.com/themes/wp/cookiteer/blog/diet/halal/index.html]
[androthemes.com/themes/wp/cookiteer/recipes/diet/gluten-free/index.html]
[androthemes.com/themes/wp/cookiteer/recipes/diet/halal/index.html]
[androthemes.com/themes/wp/cookiteer/blog/diet/kosher/index.html]
[androthemes.com/themes/wp/cookiteer/blog/diet/low-calorie/index.html]
[androthemes.com/themes/wp/cookiteer/blog/diet/low-fat/index.html]
[androthemes.com/themes/wp/cookiteer/blog/diet/low-lactose/index.html]
[androthemes.com/themes/wp/cookiteer/recipes/diet/low-fat/index.html]
[androthemes.com/themes/wp/cookiteer/recipes/diet/low-lactose/index.html]
[androthemes.com/themes/wp/cookiteer/recipes/diet/low-calorie/index.html]
[androthemes.com/themes/wp/cookiteer/blog/diet/low-salt/index.html]
[androthemes.com/themes/wp/cookiteer/recipes/diet/low-salt/index.html]
[androthemes.com/themes/wp/cookiteer/recipes/diet/kosher/index.html]
[androthemes.com/themes/wp/cookiteer/blog/diet/vegan/index.html]
[androthemes.com/themes/wp/cookiteer/recipes/diet/vegan/index.html]
[androthemes.com/themes/wp/cookiteer/wp-json/oembed/1.0/embede0a6.json]
[androthemes.com/themes/wp/cookiteer/recipe/healthy-steak/index162c.html]
[androthemes.com/themes/wp/cookiteer/recipe/healthy-steak/feed/index.html]
[androthemes.com/themes/wp/cookiteer/wp-json/oembed/1.0/embed774b]
[androthemes.com/themes/wp/cookiteer/recipe/healthy-steak/indexc166.html]
[androthemes.com/themes/wp/cookiteer/profile/1/index.html]
[i2.wp.com/androthemes.com/themes/wp/cookiteer/wp-content/uploads/2020/03/cooking-hands-handwashing-health-545013d68e.jpg]
[i2.wp.com/androthemes.com/themes/wp/cookiteer/wp-content/uploads/2020/03/cooking-dishes-herb-kitchen-1109197d68e.jpg]
[androthemes.com/themes/wp/cookiteer/recipe/recipe-title/index.html]
[i2.wp.com/androthemes.com/themes/wp/cookiteer/wp-content/uploads/2020/03/7ea9f.png]
[i0.wp.com/androthemes.com/themes/wp/cookiteer/wp-content/uploads/2020/03/6ea9f.png]
[i2.wp.com/androthemes.com/themes/wp/cookiteer/wp-content/uploads/2020/03/3ea9f.png]
[i2.wp.com/androthemes.com/themes/wp/cookiteer/wp-content/uploads/2020/03/2ea9f.png]
[i0.wp.com/androthemes.com/themes/wp/cookiteer/wp-content/uploads/2020/03/people-488ea.jpg]
[i0.wp.com/androthemes.com/themes/wp/cookiteer/wp-content/uploads/2020/03/recipe9-1d68e.jpg]
[i0.wp.com/androthemes.com/themes/wp/cookiteer/wp-content/uploads/2020/03/people-46c3c.jpg]
[androthemes.com/themes/wp/cookiteer/wp-content/plugins/cooked/assets/js/timer/jquery.simple.timer.min41a5.js]
[androthemes.com/themes/wp/cookiteer/recipe/healthy-steak/index.html]
[androthemes.com/themes/wp/cookiteer/recipe/cheese-pizza/feed/index.html]
[androthemes.com/themes/wp/cookiteer/wp-json/oembed/1.0/embed8255.json]
[androthemes.com/themes/wp/cookiteer/recipe/cheese-pizza/index162c.html]
[androthemes.com/themes/wp/cookiteer/wp-json/oembed/1.0/embed683b]
[androthemes.com/themes/wp/cookiteer/recipe/cheese-pizza/indexc166.html]
[i1.wp.com/androthemes.com/themes/wp/cookiteer/wp-content/uploads/2020/03/1ea9f.png]
[i2.wp.com/androthemes.com/themes/wp/cookiteer/wp-content/uploads/2020/03/5ea9f.png]
[androthemes.com/themes/wp/cookiteer/recipe/cheese-pizza/index.html]
[androthemes.com/themes/wp/cookiteer/wp-json/oembed/1.0/embedd445.json]
[androthemes.com/themes/wp/cookiteer/recipe/oat-cookies/index162c.html]
[androthemes.com/themes/wp/cookiteer/recipe/oat-cookies/feed/index.html]
[androthemes.com/themes/wp/cookiteer/wp-json/oembed/1.0/embed3038]
[i1.wp.com/androthemes.com/themes/wp/cookiteer/wp-content/uploads/2020/03/recipe3-1d68e.jpg]
[androthemes.com/themes/wp/cookiteer/recipe/oat-cookies/index.html]
[androthemes.com/themes/wp/cookiteer/recipe/oat-cookies/indexc166.html]
[androthemes.com/themes/wp/cookiteer/wp-json/oembed/1.0/embed168e.json]
[androthemes.com/themes/wp/cookiteer/recipe/specialty-fries/feed/index.html]
[androthemes.com/themes/wp/cookiteer/wp-json/oembed/1.0/embed0cdc]
[androthemes.com/themes/wp/cookiteer/recipe/specialty-fries/index162c.html]
[androthemes.com/themes/wp/cookiteer/recipe/specialty-fries/indexc166.html]
[androthemes.com/themes/wp/cookiteer/wp-content/plugins/cooked/assets/js/fotorama/fotorama.min82d0.js]
[androthemes.com/themes/wp/cookiteer/recipe/specialty-fries/index.html]
[androthemes.com/themes/wp/cookiteer/recipe/grilled-steak/index162c.html]
[androthemes.com/themes/wp/cookiteer/recipe/grilled-steak/feed/index.html]
[androthemes.com/themes/wp/cookiteer/wp-json/oembed/1.0/embed391a.json]
[androthemes.com/themes/wp/cookiteer/wp-json/oembed/1.0/embed64db]
[androthemes.com/themes/wp/cookiteer/recipe/grilled-steak/indexc166.html]
[i1.wp.com/androthemes.com/themes/wp/cookiteer/wp-content/uploads/2020/03/kebab-on-black-metal-grill-1566872d68e.jpg]
[androthemes.com/themes/wp/cookiteer/recipe/grilled-steak/index.html]
[androthemes.com/themes/wp/cookiteer/recipe/beef-burger/feed/index.html]
[androthemes.com/themes/wp/cookiteer/recipe/beef-burger/index162c.html]
[androthemes.com/themes/wp/cookiteer/wp-json/oembed/1.0/embed61fa.json]
[androthemes.com/themes/wp/cookiteer/wp-json/oembed/1.0/embed1ae1]
[androthemes.com/themes/wp/cookiteer/wp-content/uploads/2020/03/recipe11-1.jpg]
[i2.wp.com/androthemes.com/themes/wp/cookiteer/wp-content/uploads/2020/03/cast-iron-skillet-on-table-with-species-1435909d68e.jpg]
[androthemes.com/themes/wp/cookiteer/recipe/beef-burger/index.html]
[androthemes.com/themes/wp/cookiteer/recipe/beef-burger/indexc166.html]
[androthemes.com/themes/wp/cookiteer/recipe/fettuccine-alfredo/feed/index.html]
[androthemes.com/themes/wp/cookiteer/wp-json/oembed/1.0/embed867b.json]
[androthemes.com/themes/wp/cookiteer/recipe/fettuccine-alfredo/index162c.html]
[androthemes.com/themes/wp/cookiteer/wp-json/oembed/1.0/embed90f3]
[androthemes.com/themes/wp/cookiteer/wp-content/uploads/2020/03/recipe4-1.jpg]
[androthemes.com/themes/wp/cookiteer/recipe/fettuccine-alfredo/indexc166.html]
[i2.wp.com/androthemes.com/themes/wp/cookiteer/wp-content/uploads/2020/03/4d68e.jpg]
[androthemes.com/themes/wp/cookiteer/recipe/fettuccine-alfredo/index.html]
[androthemes.com/themes/wp/cookiteer/recipe/coffee-cookies/index162c.html]
[androthemes.com/themes/wp/cookiteer/recipe/coffee-cookies/feed/index.html]
[androthemes.com/themes/wp/cookiteer/wp-json/oembed/1.0/embed990f.json]
[androthemes.com/themes/wp/cookiteer/wp-json/oembed/1.0/embed2aea]
[androthemes.com/themes/wp/cookiteer/wp-content/uploads/2020/03/recipe1-1.jpg]
[i2.wp.com/androthemes.com/themes/wp/cookiteer/wp-content/uploads/2020/03/vegetable-salad-with-wheat-bread-on-the-side-1213710-1d68e.jpg]
[androthemes.com/themes/wp/cookiteer/recipe/coffee-cookies/index.html]
[androthemes.com/themes/wp/cookiteer/recipe/coffee-cookies/indexc166.html]
[androthemes.com/themes/wp/cookiteer/recipe/vanilla-macrons/index162c.html]
[androthemes.com/themes/wp/cookiteer/recipe/vanilla-macrons/feed/index.html]
[androthemes.com/themes/wp/cookiteer/wp-json/oembed/1.0/embede443.json]
[androthemes.com/themes/wp/cookiteer/wp-json/oembed/1.0/embed1548]
[androthemes.com/themes/wp/cookiteer/wp-content/uploads/2020/03/recipe2-1.jpg]
[i1.wp.com/androthemes.com/themes/wp/cookiteer/wp-content/uploads/2020/03/8d68e.jpg]
[androthemes.com/themes/wp/cookiteer/recipe/vanilla-macrons/index.html]
[androthemes.com/themes/wp/cookiteer/wp-json/oembed/1.0/embeda738.json]
[androthemes.com/themes/wp/cookiteer/recipe/olive-bread/feed/index.html]
[androthemes.com/themes/wp/cookiteer/wp-json/oembed/1.0/embedd539]
[androthemes.com/themes/wp/cookiteer/wp-content/uploads/2020/03/recipe5-1.jpg]
[androthemes.com/themes/wp/cookiteer/recipe/vanilla-macrons/indexc166.html]
[androthemes.com/themes/wp/cookiteer/recipe/olive-bread/index162c.html]
[androthemes.com/themes/wp/cookiteer/recipe/olive-bread/indexc166.html]
[i0.wp.com/androthemes.com/themes/wp/cookiteer/wp-content/uploads/2020/03/recipe12-1d68e.jpg]
[androthemes.com/themes/wp/cookiteer/recipe/olive-bread/index.html]
[androthemes.com/themes/wp/cookiteer/recipe/oat-smoothie/feed/index.html]
[androthemes.com/themes/wp/cookiteer/wp-json/oembed/1.0/embed42f4.json]
[androthemes.com/themes/wp/cookiteer/wp-json/oembed/1.0/embed2619]
[androthemes.com/themes/wp/cookiteer/wp-content/uploads/2020/03/recipe8-1.jpg]
[androthemes.com/themes/wp/cookiteer/recipe/oat-smoothie/index.html]
[androthemes.com/themes/wp/cookiteer/recipe/oat-smoothie/index162c.html]
[androthemes.com/themes/wp/cookiteer/wp-json/oembed/1.0/embed9697.json]
[androthemes.com/themes/wp/cookiteer/recipe/oat-smoothie/indexc166.html]
[androthemes.com/themes/wp/cookiteer/recipe/english-breakfast/feed/index.html]
[androthemes.com/themes/wp/cookiteer/recipe/english-breakfast/index162c.html]
[androthemes.com/themes/wp/cookiteer/wp-json/oembed/1.0/embed05fc]
[androthemes.com/themes/wp/cookiteer/wp-content/uploads/2020/03/recipe7-1.jpg]
[androthemes.com/themes/wp/cookiteer/recipe/english-breakfast/index.html]
[androthemes.com/themes/wp/cookiteer/recipe/english-breakfast/indexc166.html]
[androthemes.com/themes/wp/cookiteer/wp-json/oembed/1.0/embede9f6.json]
[androthemes.com/themes/wp/cookiteer/recipe/chocolate-chip-cookies/feed/index.html]
[androthemes.com/themes/wp/cookiteer/wp-json/oembed/1.0/embed9a61]
[androthemes.com/themes/wp/cookiteer/recipe/chocolate-chip-cookies/index162c.html]
[androthemes.com/themes/wp/cookiteer/wp-content/uploads/2020/03/recipe3-1.jpg]
[i1.wp.com/androthemes.com/themes/wp/cookiteer/wp-content/uploads/2020/03/9d68e.jpg]
[androthemes.com/themes/wp/cookiteer/recipe/chocolate-chip-cookies/index.html]
[androthemes.com/themes/wp/cookiteer/recipe/chocolate-chip-cookies/indexc166.html]
[androthemes.com/themes/wp/cookiteer/recipe/grilled-chicken/feed/index.html]
[androthemes.com/themes/wp/cookiteer/recipe/grilled-chicken/index162c.html]
[androthemes.com/themes/wp/cookiteer/wp-json/oembed/1.0/embed10c5.json]
[androthemes.com/themes/wp/cookiteer/wp-json/oembed/1.0/embed48bc]
[androthemes.com/themes/wp/cookiteer/wp-content/uploads/2020/03/recipe9-1.jpg]
[i1.wp.com/androthemes.com/themes/wp/cookiteer/wp-content/uploads/2020/03/10d68e.jpg]
[androthemes.com/themes/wp/cookiteer/recipe/grilled-chicken/index.html]
[androthemes.com/themes/wp/cookiteer/wp-admin/admin-ajax.html]
[androthemes.com/themes/wp/cookiteer/recipe/grilled-chicken/indexc166.html]
[androthemes.com/themes/wp/cookiteer/wp-content/plugins/elementor/assets/lib/font-awesome/fonts/fontawesome-webfont3e6e.woff2]
[androthemes.com/themes/wp/cookiteer/wp-content/plugins/elementor/assets/lib/font-awesome/fonts/fontawesome-webfont3e6e.woff]
[androthemes.com/themes/wp/cookiteer/wp-content/plugins/elementor/assets/lib/font-awesome/fonts/fontawesome-webfont3e6e.ttf]
[androthemes.com/themes/wp/cookiteer/wp-content/plugins/elementor/assets/lib/font-awesome/fonts/fontawesome-webfont3e6e.svg]
[androthemes.com/themes/wp/cookiteer/wp-content/themes/cookiteer/assets/fonts/flaticon/Flaticon.svg]
[androthemes.com/themes/wp/cookiteer/wp-content/plugins/elementor/assets/lib/eicons/fonts/eicons2cbf.svg]
[androthemes.com/themes/wp/cookiteer/wp-content/plugins/elementor/assets/lib/font-awesome/webfonts/fa-solid-900.svg]
[androthemes.com/themes/wp/cookiteer/wp-content/uploads/2020/03/about.jpg]
[androthemes.com/themes/wp/cookiteer/wp-content/uploads/elementor/css/post-3384fda.css]
[androthemes.com/themes/wp/cookiteer/blog/author/abed/index.html]
[c0.wp.com/c/5.3.4/wp-includes/js/masonry.min.js]
[androthemes.com/themes/wp/cookiteer/wp-json/oembed/1.0/embede3a9.json]
[androthemes.com/themes/wp/cookiteer/blog/my-new-cook-book/feed/index.html]
[androthemes.com/themes/wp/cookiteer/wp-json/oembed/1.0/embedd762]
[androthemes.com/themes/wp/cookiteer/wp-content/uploads/2020/03/single-2.jpg]
[i2.wp.com/androthemes.com/themes/wp/cookiteer/wp-content/uploads/2020/03/cooking-dishes-herb-kitchen-1109197ffb3.jpg]
[i2.wp.com/androthemes.com/themes/wp/cookiteer/wp-content/uploads/2020/03/78ec5.jpg]
[i1.wp.com/androthemes.com/themes/wp/cookiteer/wp-content/uploads/2020/03/88ec5.jpg]
[i0.wp.com/androthemes.com/themes/wp/cookiteer/wp-content/uploads/2020/03/people-26c3c.jpg]
[androthemes.com/themes/wp/cookiteer/blog/my-new-cook-book/index.html]
[androthemes.com/themes/wp/cookiteer/blog/category/breakfast/index.html]
[androthemes.com/themes/wp/cookiteer/blog/category/breakfast/feed/index.html]
[androthemes.com/themes/wp/cookiteer/wp-json/oembed/1.0/embed3749.json]
[androthemes.com/themes/wp/cookiteer/wp-json/oembed/1.0/embed0008]
[androthemes.com/themes/wp/cookiteer/wp-content/uploads/2020/03/cooking-dishes-herb-kitchen-1109197.jpg]
[androthemes.com/themes/wp/cookiteer/blog/how-to-publish-your-book/index.html]
[androthemes.com/themes/wp/cookiteer/wp-json/oembed/1.0/embed99c7.json]
[androthemes.com/themes/wp/cookiteer/wp-json/oembed/1.0/embed7d62]
[androthemes.com/themes/wp/cookiteer/wp-content/uploads/2020/03/chef-preparing-vegetable-dish-on-tree-slab-1267320.jpg]
[androthemes.com/themes/wp/cookiteer/blog/my-new-cooking-merch/index.html]
[androthemes.com/themes/wp/cookiteer/wp-json/oembed/1.0/embed5f34.json]
[androthemes.com/themes/wp/cookiteer/wp-json/oembed/1.0/embed441b]
[androthemes.com/themes/wp/cookiteer/wp-content/uploads/2020/03/3.jpg]
[androthemes.com/themes/wp/cookiteer/blog/chocolate-coated-browny/index.html]
[androthemes.com/themes/wp/cookiteer/wp-content/uploads/2020/03/8-1.png]
[androthemes.com/themes/wp/cookiteer/wp-content/uploads/2020/03/toast-avocado.png]
[androthemes.com/themes/wp/cookiteer/wp-content/uploads/2020/03/6-1.png]
[androthemes.com/themes/wp/cookiteer/wp-content/uploads/elementor/css/post-340c069.css]
[androthemes.com/themes/wp/cookiteer/wp-content/plugins/elementor/assets/lib/font-awesome/webfonts/fa-regular-400.eot]
[androthemes.com/themes/wp/cookiteer/wp-content/plugins/elementor/assets/lib/font-awesome/webfonts/fa-regular-400d41d.eot]
[androthemes.com/themes/wp/cookiteer/wp-content/plugins/elementor/assets/lib/font-awesome/webfonts/fa-regular-400.woff2]
[androthemes.com/themes/wp/cookiteer/wp-content/plugins/elementor/assets/lib/font-awesome/webfonts/fa-regular-400.woff]
[androthemes.com/themes/wp/cookiteer/wp-content/plugins/elementor/assets/lib/font-awesome/webfonts/fa-regular-400.ttf]
[androthemes.com/themes/wp/cookiteer/wp-content/plugins/elementor/assets/lib/font-awesome/css/regular.minb683.css]
[androthemes.com/themes/wp/cookiteer/recipes/ http_/androthemes.com/themes/wp/cookiteer/recipes/index.html]
[androthemes.com/themes/wp/cookiteer/recipe/poaches-eggs/feed/index.html]
[androthemes.com/themes/wp/cookiteer/wp-json/oembed/1.0/embed0113.json]
[androthemes.com/themes/wp/cookiteer/recipe/poaches-eggs/index162c.html]
[androthemes.com/themes/wp/cookiteer/wp-json/oembed/1.0/embed5db4]
[androthemes.com/themes/wp/cookiteer/wp-content/uploads/2020/03/recipe12-1.jpg]
[i1.wp.com/androthemes.com/themes/wp/cookiteer/wp-content/uploads/2020/03/11-1d68e.jpg]
[androthemes.com/themes/wp/cookiteer/recipe/poaches-eggs/index.html]
[androthemes.com/themes/wp/cookiteer/home-v3/indexedb8.html]
[androthemes.com/themes/wp/cookiteer/recipe/poaches-eggs/indexc166.html]
[androthemes.com/themes/wp/cookiteer/wp-json/oembed/1.0/embed0930.json]
[androthemes.com/themes/wp/cookiteer/product/kiwi/feed/index.html]
[androthemes.com/themes/wp/cookiteer/wp-json/oembed/1.0/embed3f8c]
[i0.wp.com/androthemes.com/themes/wp/cookiteer/wp-content/uploads/2020/03/27fd94.png]
[androthemes.com/themes/wp/cookiteer/product/kiwi/index.html]
[androthemes.com/themes/wp/cookiteer/home-v3/index7ad6.html]
[androthemes.com/themes/wp/cookiteer/product/kiwi/index3871.html]
[androthemes.com/themes/wp/cookiteer/product-category/posters/index.html]
[androthemes.com/themes/wp/cookiteer/product/strawberries/feed/index.html]
[androthemes.com/themes/wp/cookiteer/wp-json/oembed/1.0/embed4cca.json]
[androthemes.com/themes/wp/cookiteer/wp-json/oembed/1.0/embed444d]
[i1.wp.com/androthemes.com/themes/wp/cookiteer/wp-content/uploads/2020/03/19fd94.png]
[androthemes.com/themes/wp/cookiteer/product/strawberries/index.html]
[androthemes.com/themes/wp/cookiteer/home-v3/index3871.html]
[androthemes.com/themes/wp/cookiteer/wp-content/uploads/elementor/css/post-575717d.css]
[androthemes.com/themes/wp/cookiteer/home-v4/indexedb8.html]
[androthemes.com/themes/wp/cookiteer/home-v4/index7ad6.html]
[androthemes.com/themes/wp/cookiteer/home-v4/index3871.html]
[androthemes.com/themes/wp/cookiteer/wp-content/uploads/elementor/css/post-6727710.css]
[androthemes.com/themes/wp/cookiteer/wp-content/uploads/elementor/css/post-1022697.css]
[androthemes.com/themes/wp/cookiteer/wp-content/uploads/elementor/css/post-106977f.css]
[c0.wp.com/p/woocommerce/3.9.2/assets/css/select2.css]
[androthemes.com/themes/wp/cookiteer/product/strawberries/index7ad6.html]
[c0.wp.com/c/5.3.4/wp-includes/js/zxcvbn-async.min.js]
[c0.wp.com/c/5.3.4/wp-admin/js/password-strength-meter.min.js]
[c0.wp.com/p/woocommerce/3.9.2/assets/js/frontend/password-strength-meter.min.js]
[c0.wp.com/p/woocommerce/3.9.2/assets/js/frontend/lost-password.min.js]
[androthemes.com/themes/wp/cookiteer/my-account/lost-password/index.html]
[androthemes.com/themes/wp/cookiteer/index3b72.html]
[c0.wp.com/p/woocommerce/3.9.2/assets/css/photoswipe/default-skin/default-skin.png]
[c0.wp.com/p/woocommerce/3.9.2/assets/css/photoswipe/photoswipe.min.css]
[c0.wp.com/p/woocommerce/3.9.2/assets/css/photoswipe/default-skin/default-skin.svg]
[c0.wp.com/p/woocommerce/3.9.2/assets/css/photoswipe/default-skin/preloader.gif]
[c0.wp.com/p/woocommerce/3.9.2/assets/css/photoswipe/default-skin/default-skin.min.css]
[androthemes.com/themes/wp/cookiteer/product-category/clothing/index.html]
[androthemes.com/themes/wp/cookiteer/product-category/clothing/index22b9.html]
[androthemes.com/themes/wp/cookiteer/product-category/clothing/hoodies/index.html]
[androthemes.com/themes/wp/cookiteer/product-category/clothing/feed/index.html]
[androthemes.com/themes/wp/cookiteer/product-category/clothing/indexedb8.html]
[androthemes.com/themes/wp/cookiteer/product-category/clothing/indexcd5e.html]
[androthemes.com/themes/wp/cookiteer/product-category/clothing/hoodies/feed/index.html]
[androthemes.com/themes/wp/cookiteer/product/bannanas/feed/index.html]
[androthemes.com/themes/wp/cookiteer/wp-json/oembed/1.0/embed56fe.json]
[androthemes.com/themes/wp/cookiteer/product-category/clothing/hoodies/indexedb8.html]
[androthemes.com/themes/wp/cookiteer/wp-json/oembed/1.0/embed593a]
[i2.wp.com/androthemes.com/themes/wp/cookiteer/wp-content/uploads/2020/03/20fd94.png]
[androthemes.com/themes/wp/cookiteer/product/bannanas/index.html]
[androthemes.com/themes/wp/cookiteer/product/broccoli/index22b9.html]
[androthemes.com/themes/wp/cookiteer/product-category/clothing/t-shirts/index.html]
[androthemes.com/themes/wp/cookiteer/product/bannanas/indexedb8.html]
[androthemes.com/themes/wp/cookiteer/wp-json/oembed/1.0/embed0acc.json]
[androthemes.com/themes/wp/cookiteer/product/bannanas/indexcd5e.html]
[androthemes.com/themes/wp/cookiteer/product/tomatoes/feed/index.html]
[androthemes.com/themes/wp/cookiteer/wp-json/oembed/1.0/embed886d]
[i0.wp.com/androthemes.com/themes/wp/cookiteer/wp-content/uploads/2020/03/21fd94.png]
[androthemes.com/themes/wp/cookiteer/product/tomatoes/index22b9.html]
[androthemes.com/themes/wp/cookiteer/product/tomatoes/indexedb8.html]
[androthemes.com/themes/wp/cookiteer/product/tomatoes/indexcd5e.html]
[c0.wp.com/c/5.3.4/wp-includes/js/underscore.min.js]
[c0.wp.com/c/5.3.4/wp-includes/js/wp-util.min.js]
[androthemes.com/themes/wp/cookiteer/product/tomatoes/index.html]
[c0.wp.com/p/woocommerce/3.9.2/assets/js/frontend/add-to-cart-variation.min.js]
[androthemes.com/themes/wp/cookiteer/product/onions/feed/index.html]
[androthemes.com/themes/wp/cookiteer/wp-json/oembed/1.0/embedacd4.json]
[androthemes.com/themes/wp/cookiteer/wp-json/oembed/1.0/embed7785]
[i2.wp.com/androthemes.com/themes/wp/cookiteer/wp-content/uploads/2020/03/23fd94.png]
[androthemes.com/themes/wp/cookiteer/product/onions/index.html]
[androthemes.com/themes/wp/cookiteer/product/broccoli/indexcd5e.html]
[androthemes.com/themes/wp/cookiteer/shop/index22b9.html]
[androthemes.com/themes/wp/cookiteer/shop/indexedb8.html]
[androthemes.com/themes/wp/cookiteer/shop/index7ad6.html]
[androthemes.com/themes/wp/cookiteer/shop/index3871.html]
[androthemes.com/themes/wp/cookiteer/shop/indexcd5e.html]
[androthemes.com/themes/wp/cookiteer/blog/tag/cookbook/index.html]
[androthemes.com/themes/wp/cookiteer/blog/tag/cooking/index.html]
[androthemes.com/themes/wp/cookiteer/blog/tag/cookbook/feed/index.html]
[androthemes.com/themes/wp/cookiteer/blog/tag/dessert/index.html]
[androthemes.com/themes/wp/cookiteer/product/onions/index22b9.html]
[androthemes.com/themes/wp/cookiteer/blog/tag/food/index.html]
[androthemes.com/themes/wp/cookiteer/blog/tag/cooking/feed/index.html]
[androthemes.com/themes/wp/cookiteer/blog/tag/foodie/index.html]
[androthemes.com/themes/wp/cookiteer/product/onions/indexedb8.html]
[androthemes.com/themes/wp/cookiteer/blog/tag/dessert/feed/index.html]
[androthemes.com/themes/wp/cookiteer/blog/tag/merchant/index.html]
[androthemes.com/themes/wp/cookiteer/blog/tag/tutorial/index.html]
[androthemes.com/themes/wp/cookiteer/blog/tag/food/feed/index.html]
[androthemes.com/themes/wp/cookiteer/profile/index3745.html]
[androthemes.com/themes/wp/cookiteer/profile/index3951.html]
[androthemes.com/themes/wp/cookiteer/recipes/recipe-category/bread/index.html]
[androthemes.com/themes/wp/cookiteer/recipes/recipe-category/breakfast/index.html]
[androthemes.com/themes/wp/cookiteer/recipes/recipe-category/cookies/index.html]
[androthemes.com/themes/wp/cookiteer/recipes/recipe-category/dessert/index.html]
[androthemes.com/themes/wp/cookiteer/blog/tag/foodie/feed/index.html]
[androthemes.com/themes/wp/cookiteer/recipes/recipe-category/grill/index.html]
[androthemes.com/themes/wp/cookiteer/recipes/recipe-category/medium-rare/index.html]
[androthemes.com/themes/wp/cookiteer/recipes/recipe-category/pasta/index.html]
[androthemes.com/themes/wp/cookiteer/recipes/recipe-category/quick-food/index.html]
[androthemes.com/themes/wp/cookiteer/recipes/recipe-category/salad/index.html]
[androthemes.com/themes/wp/cookiteer/recipe/recipe-title/index162c.html]
[androthemes.com/themes/wp/cookiteer/recipes/cuisine/carribean/index.html]
[androthemes.com/themes/wp/cookiteer/recipes/cuisine/chinese/index.html]
[androthemes.com/themes/wp/cookiteer/blog/tag/tutorial/feed/index.html]
[androthemes.com/themes/wp/cookiteer/recipes/cuisine/french/index.html]
[androthemes.com/themes/wp/cookiteer/recipes/cuisine/italian/index.html]
[androthemes.com/themes/wp/cookiteer/recipes/cuisine/mediterranean/index.html]
[androthemes.com/themes/wp/cookiteer/blog/tag/merchant/feed/index.html]
[androthemes.com/themes/wp/cookiteer/recipes/cooking-method/boiling/index.html]
[androthemes.com/themes/wp/cookiteer/recipes/cooking-method/dry-frying/index.html]
[androthemes.com/themes/wp/cookiteer/recipes/cooking-method/frying/index.html]
[androthemes.com/themes/wp/cookiteer/recipes/cooking-method/grilling/index.html]
[androthemes.com/themes/wp/cookiteer/recipes/diet/diabetic/index.html]
[androthemes.com/themes/wp/cookiteer/recipes/diet/gluten-free/index.html]
[androthemes.com/themes/wp/cookiteer/recipes/diet/halal/index.html]
[androthemes.com/themes/wp/cookiteer/recipes/diet/kosher/index.html]
[androthemes.com/themes/wp/cookiteer/recipes/diet/low-calorie/index.html]
[androthemes.com/themes/wp/cookiteer/recipes/diet/low-fat/index.html]
[androthemes.com/themes/wp/cookiteer/recipes/diet/low-lactose/index.html]
[androthemes.com/themes/wp/cookiteer/recipes/diet/low-salt/index.html]
[androthemes.com/themes/wp/cookiteer/recipes/diet/vegan/index.html]
[cdn.ampproject.org/v0.js]
[i0.wp.com/androthemes.com/themes/wp/cookiteer/wp-content/uploads/2020/03/steak-food-76928974ff.jpg]
[androthemes.com/themes/wp/cookiteer/recipe/healthy-steak/index162c.html]
[androthemes.com/themes/wp/cookiteer/wp-content/plugins/cooked-pro/modules/add-recipe/add-recipe.minba3a.js]
[androthemes.com/themes/wp/cookiteer/profile/1/index.html]
[androthemes.com/themes/wp/cookiteer/profile/1/index4eae.html]
[androthemes.com/themes/wp/cookiteer/profile/1/index8488.html]
[androthemes.com/themes/wp/cookiteer/profile/1/indexf4e2.html]
[androthemes.com/themes/wp/cookiteer/wp-content/uploads/2020/03/cooking-hands-handwashing-health-545013.jpg]
[androthemes.com/themes/wp/cookiteer/recipe/healthy-steak/indexc166.html]
[androthemes.com/themes/wp/cookiteer/recipe/recipe-title/index.html]
[i1.wp.com/androthemes.com/themes/wp/cookiteer/wp-content/uploads/2020/03/cheese-crust-delicious-dough-36791574ff.jpg]
[androthemes.com/themes/wp/cookiteer/recipe/cheese-pizza/index162c.html]
[androthemes.com/themes/wp/cookiteer/recipe/cheese-pizza/indexc166.html]
[androthemes.com/themes/wp/cookiteer/recipe/oat-cookies/index162c.html]
[androthemes.com/themes/wp/cookiteer/recipe/oat-cookies/indexc166.html]
[i1.wp.com/androthemes.com/themes/wp/cookiteer/wp-content/uploads/2020/03/baked-baking-close-up-cookies-31057574ff.jpg]
[i1.wp.com/androthemes.com/themes/wp/cookiteer/wp-content/uploads/2020/03/recipe1374ff.jpg]
[androthemes.com/themes/wp/cookiteer/recipe/specialty-fries/index162c.html]
[androthemes.com/themes/wp/cookiteer/recipe/specialty-fries/indexc166.html]
[androthemes.com/themes/wp/cookiteer/wp-content/plugins/cooked/assets/css/fotorama/fotorama.png]
[androthemes.com/themes/wp/cookiteer/wp-content/plugins/cooked/assets/css/fotorama/fotorama@2x.png]
[androthemes.com/themes/wp/cookiteer/wp-content/plugins/cooked/assets/css/fotorama/fotorama.min82d0.css]
[i1.wp.com/androthemes.com/themes/wp/cookiteer/wp-content/uploads/2020/03/recipe6-174ff.jpg]
[androthemes.com/themes/wp/cookiteer/recipe/grilled-steak/index162c.html]
[androthemes.com/themes/wp/cookiteer/wp-content/uploads/2020/03/kebab-on-black-metal-grill-1566872.jpg]
[androthemes.com/themes/wp/cookiteer/recipe/grilled-steak/indexc166.html]
[i1.wp.com/androthemes.com/themes/wp/cookiteer/wp-content/uploads/2020/03/recipe11-174ff.jpg]
[androthemes.com/themes/wp/cookiteer/recipe/beef-burger/index162c.html]
[i1.wp.com/androthemes.com/themes/wp/cookiteer/wp-content/uploads/2020/03/recipe11-10058.jpg]
[androthemes.com/themes/wp/cookiteer/wp-content/uploads/2020/03/cast-iron-skillet-on-table-with-species-1435909.jpg]
[androthemes.com/themes/wp/cookiteer/recipe/beef-burger/indexc166.html]
[androthemes.com/themes/wp/cookiteer/recipe/fettuccine-alfredo/index162c.html]
[i0.wp.com/androthemes.com/themes/wp/cookiteer/wp-content/uploads/2020/03/recipe4-174ff.jpg]
[i0.wp.com/androthemes.com/themes/wp/cookiteer/wp-content/uploads/2020/03/recipe4-10058.jpg]
[androthemes.com/themes/wp/cookiteer/wp-content/uploads/2020/03/4.jpg]
[androthemes.com/themes/wp/cookiteer/recipe/fettuccine-alfredo/indexc166.html]
[i2.wp.com/androthemes.com/themes/wp/cookiteer/wp-content/uploads/2020/03/recipe1-174ff.jpg]
[androthemes.com/themes/wp/cookiteer/recipe/coffee-cookies/index162c.html]
[i2.wp.com/androthemes.com/themes/wp/cookiteer/wp-content/uploads/2020/03/recipe1-10058.jpg]
[androthemes.com/themes/wp/cookiteer/wp-content/uploads/2020/03/vegetable-salad-with-wheat-bread-on-the-side-1213710-1.jpg]
[androthemes.com/themes/wp/cookiteer/recipe/coffee-cookies/indexc166.html]
[i2.wp.com/androthemes.com/themes/wp/cookiteer/wp-content/uploads/2020/03/recipe2-174ff.jpg]
[androthemes.com/themes/wp/cookiteer/recipe/vanilla-macrons/index162c.html]
[i2.wp.com/androthemes.com/themes/wp/cookiteer/wp-content/uploads/2020/03/recipe2-10058.jpg]
[androthemes.com/themes/wp/cookiteer/wp-content/uploads/2020/03/8.jpg]
[androthemes.com/themes/wp/cookiteer/recipe/vanilla-macrons/indexc166.html]
[i0.wp.com/androthemes.com/themes/wp/cookiteer/wp-content/uploads/2020/03/recipe5-174ff.jpg]
[androthemes.com/themes/wp/cookiteer/recipe/olive-bread/index162c.html]
[i0.wp.com/androthemes.com/themes/wp/cookiteer/wp-content/uploads/2020/03/recipe5-10058.jpg]
[androthemes.com/themes/wp/cookiteer/recipe/olive-bread/indexc166.html]
[i0.wp.com/androthemes.com/themes/wp/cookiteer/wp-content/uploads/2020/03/recipe8-174ff.jpg]
[androthemes.com/themes/wp/cookiteer/recipe/oat-smoothie/index162c.html]
[i0.wp.com/androthemes.com/themes/wp/cookiteer/wp-content/uploads/2020/03/recipe8-10058.jpg]
[androthemes.com/themes/wp/cookiteer/recipe/oat-smoothie/indexc166.html]
[i2.wp.com/androthemes.com/themes/wp/cookiteer/wp-content/uploads/2020/03/recipe7-174ff.jpg]
[androthemes.com/themes/wp/cookiteer/recipe/english-breakfast/index162c.html]
[i2.wp.com/androthemes.com/themes/wp/cookiteer/wp-content/uploads/2020/03/recipe7-10058.jpg]
[androthemes.com/themes/wp/cookiteer/recipe/english-breakfast/indexc166.html]
[i1.wp.com/androthemes.com/themes/wp/cookiteer/wp-content/uploads/2020/03/recipe3-174ff.jpg]
[androthemes.com/themes/wp/cookiteer/recipe/chocolate-chip-cookies/index162c.html]
[i1.wp.com/androthemes.com/themes/wp/cookiteer/wp-content/uploads/2020/03/recipe3-10058.jpg]
[androthemes.com/themes/wp/cookiteer/wp-content/uploads/2020/03/9.jpg]
[androthemes.com/themes/wp/cookiteer/recipe/chocolate-chip-cookies/indexc166.html]
[i0.wp.com/androthemes.com/themes/wp/cookiteer/wp-content/uploads/2020/03/recipe9-174ff.jpg]
[androthemes.com/themes/wp/cookiteer/recipe/grilled-chicken/index162c.html]
[i0.wp.com/androthemes.com/themes/wp/cookiteer/wp-content/uploads/2020/03/recipe9-10058.jpg]
[androthemes.com/themes/wp/cookiteer/wp-content/uploads/2020/03/10.jpg]
[androthemes.com/themes/wp/cookiteer/recipe/grilled-chicken/indexc166.html]
[androthemes.com/themes/wp/cookiteer/wp-content/plugins/elementor/assets/lib/font-awesome/webfonts/fa-regular-400.svg]
[i0.wp.com/androthemes.com/themes/wp/cookiteer/wp-content/uploads/2020/03/recipe12-174ff.jpg]
[androthemes.com/themes/wp/cookiteer/recipe/poaches-eggs/index162c.html]
[i0.wp.com/androthemes.com/themes/wp/cookiteer/wp-content/uploads/2020/03/recipe12-10058.jpg]
[androthemes.com/themes/wp/cookiteer/wp-content/uploads/2020/03/11-1.jpg]
[androthemes.com/themes/wp/cookiteer/recipe/poaches-eggs/indexc166.html]
[androthemes.com/themes/wp/cookiteer/product-category/posters/index.html]
[androthemes.com/themes/wp/cookiteer/product/kiwi/index3871.html]
[androthemes.com/themes/wp/cookiteer/product/strawberries/index7ad6.html]
[c0.wp.com/p/woocommerce/3.9.2/assets/css/photoswipe/default-skin/default-skin.svg]
[androthemes.com/themes/wp/cookiteer/product-category/clothing/index22b9.html]
[androthemes.com/themes/wp/cookiteer/product-category/clothing/indexedb8.html]
[androthemes.com/themes/wp/cookiteer/product-category/clothing/indexcd5e.html]
[androthemes.com/themes/wp/cookiteer/product-category/clothing/hoodies/indexedb8.html]
[androthemes.com/themes/wp/cookiteer/product-category/clothing/t-shirts/index.html]
[androthemes.com/themes/wp/cookiteer/product-category/posters/feed/index.html]
[androthemes.com/themes/wp/cookiteer/product/bannanas/indexedb8.html]
[androthemes.com/themes/wp/cookiteer/product-category/clothing/t-shirts/feed/index.html]
[androthemes.com/themes/wp/cookiteer/product-category/posters/index7ad6.html]
[androthemes.com/themes/wp/cookiteer/product/bannanas/indexcd5e.html]
[androthemes.com/themes/wp/cookiteer/product/tomatoes/indexedb8.html]
[androthemes.com/themes/wp/cookiteer/product/tomatoes/index22b9.html]
[androthemes.com/themes/wp/cookiteer/product/tomatoes/indexcd5e.html]
[androthemes.com/themes/wp/cookiteer/product/onions/indexedb8.html]
[androthemes.com/themes/wp/cookiteer/product/onions/index22b9.html]
[androthemes.com/themes/wp/cookiteer/profile/1/indexf4e2.html]
[androthemes.com/themes/wp/cookiteer/profile/1/index4eae.html]
[androthemes.com/themes/wp/cookiteer/profile/1/index8488.html]
[androthemes.com/themes/wp/cookiteer/wp-content/plugins/cooked/assets/css/icons.css]
[androthemes.com/themes/wp/cookiteer/product-category/posters/index3871.html]
[androthemes.com/themes/wp/cookiteer/wp-content/plugins/cooked/assets/css/print.css]
[androthemes.com/themes/wp/cookiteer/wp-content/themes/cookiteer/assets/images/bg.html]
[androthemes.com/themes/wp/cookiteer/product-category/posters/index7ad6.html]
[androthemes.com/themes/wp/cookiteer/product-category/posters/index3871.html]
[androthemes.com/themes/wp/cookiteer/product-category/clothing/t-shirts/index22b9.html]
[androthemes.com/themes/wp/cookiteer/product-category/clothing/t-shirts/index22b9.html]
[androthemes.com/themes/wp/cookiteer/product-category/clothing/t-shirts/indexcd5e.html]
[androthemes.com/themes/wp/cookiteer/product-category/clothing/t-shirts/indexcd5e.html]
