[androthemes.com/themes/wp/cookiteer/index.html]
[backblue.gif]
[fade.gif]
[index.html]
[androthemes.com/themes/wp/cookiteer/comments/feed/index.html]
[androthemes.com/themes/wp/cookiteer/feed/index.html]
[c0.wp.com/c/5.3.4/wp-includes/css/dist/block-library/style.min.css]
[c0.wp.com/p/woocommerce/3.9.2/packages/woocommerce-blocks/build/style.css]
[c0.wp.com/p/jetpack/6.9/modules/shortcodes/css/jetpack-email-subscribe.css]
[c0.wp.com/p/woocommerce/3.9.2/assets/css/woocommerce-layout.css]
[c0.wp.com/p/woocommerce/3.9.2/assets/css/woocommerce-smallscreen.css]
[c0.wp.com/p/woocommerce/3.9.2/assets/css/woocommerce.css]
[c0.wp.com/p/jetpack/6.9/css/jetpack.css]
[c0.wp.com/c/5.3.4/wp-includes/js/jquery/jquery.js]
[androthemes.com/themes/wp/cookiteer/wp-content/plugins/cooked-pro/assets/chartist/chartist.minba3a.js]
[c0.wp.com/c/5.3.4/wp-includes/js/jquery/jquery-migrate.min.js]
[androthemes.com/themes/wp/cookiteer/xmlrpc0db0.php]
[androthemes.com/themes/wp/cookiteer/wp-json/index.html]
[androthemes.com/themes/wp/cookiteer/wp-includes/wlwmanifest.xml]
[androthemes.com/themes/wp/cookiteer/wp-json/oembed/1.0/embed4a12.json]
[androthemes.com/themes/wp/cookiteer/wp-json/oembed/1.0/embedc1c3]
[i2.wp.com/androthemes.com/themes/wp/cookiteer/wp-content/uploads/2020/03/cropped-thumbnail7398.png]
[i2.wp.com/androthemes.com/themes/wp/cookiteer/wp-content/uploads/2020/03/cropped-thumbnailff94.png]
[i2.wp.com/androthemes.com/themes/wp/cookiteer/wp-content/uploads/2020/03/cropped-thumbnailfd20.png]
[androthemes.com/themes/wp/cookiteer/wp-content/themes/cookiteer/assets/img/bg/1.jpg]
[androthemes.com/themes/wp/cookiteer/wp-content/uploads/2020/03/fruit-salads-in-plate-1640774.jpg]
[androthemes.com/themes/wp/cookiteer/wp-content/themes/cookiteer/assets/img/bg/3.jpg]
[androthemes.com/themes/wp/cookiteer/wp-content/themes/cookiteer/assets/img/bg/5.jpg]
[stats.wp.com/s-202026.js]
[androthemes.com/themes/wp/cookiteer/wp-content/themes/cookiteer/assets/img/logo.png]
[i0.wp.com/androthemes.com/themes/wp/cookiteer/wp-content/uploads/2020/03/steak-food-7692890058.jpg]
[androthemes.com/themes/wp/cookiteer/home-v2/index.html]
[androthemes.com/themes/wp/cookiteer/home-v3/index.html]
[i1.wp.com/androthemes.com/themes/wp/cookiteer/wp-content/uploads/2020/03/cheese-crust-delicious-dough-3679150058.jpg]
[androthemes.com/themes/wp/cookiteer/home-v4/index.html]
[i1.wp.com/androthemes.com/themes/wp/cookiteer/wp-content/uploads/2020/03/baked-baking-close-up-cookies-3105750058.jpg]
[androthemes.com/themes/wp/cookiteer/home-v5/index.html]
[i1.wp.com/androthemes.com/themes/wp/cookiteer/wp-content/uploads/2020/03/recipe130058.jpg]
